Turbo Assembler	 Version 2.0	    06/05/25 05:48:59	    Page 1
2zad.asm



      1					 ﻿;Сегментная структура данных: Трёх сегментная    +
      2					 структура, 2 сегмента	данных(dseg, eseg) и один кодовый +
      3					 сегмент(cseg)
      4					 ;Размещение данных: В	сегменте ds используются	    +
      5					 адреса ds:[a-i];	a-e - однобайтные кода, f - число со	    +
      6					 знаком в формате	слова, g-i	- три символа
      7					 ;Использование регистров: Регистры используются  +
      8					 по усмотрению и необходимостьи для решения	    +
      9					 данной задачи
     10
     11
     12					 .386
     13
     14	    0000			 dseg segment use16
     15	    0000  12			     a db 12h
     16	    0001  34			     b db 34h
     17	    0002  56			     c db 56h
     18	    0003  78			     d db 78h
     19	    0004  90			     e db 90h
     20	    0005  FFFB			     f dw 0FFFBh
     21	    0007  54			     g db 'T'
     22	    0008  42			     h db 'B'
     23	    0009  4F			     i db 'O'
     24	    000A			 dseg ends
     25	    0000			 eseg segment use16
     26	    0000  ??			     j db ?
     27	    0001  ??			     k db ?
     28	    0002  ??			     l db ?
     29	    0003			 eseg ends
     30	    0000			 cseg segment use16
     31					 assume	ds:dseg, es:eseg, cs:cseg
     32	    0000			 m1:
     33	    0000  B9 0000s		     mov cx, dseg
     34	    0003  8E D9			     mov ds, cx
     35	    0005  B9 0000s		     mov cx, eseg
     36	    0008  8E C1			     mov es, cx
     37	    000A  A0 0002r		     mov al, ds:c
     38	    000D  26: A2 0000r		     mov es:j, al
     39	    0011  8A 26	0007		     mov ah, ds:[7]
     40	    0015  26: 88 26 0001r	     mov es:k, ah
     41	    001A  8A 1E	0009r		     mov bl, ds:i
     42	    001E  26: 88 1E 0008r	     mov es:h, bl
     43	    0023  B4 4C			     mov ah, 4ch
     44	    0025  CD 21			     int 21h
     45	    0027			 cseg ends
     46					 end m1
